SCREEN_START	EQU 4000
SCREEN_END	EQU 57FF
SCREEN_ATTRIBUTES_START EQU 5800
SCREEN_ATTRIBUTES_END EQU 5AFF
LOADING_COLOUR_MASK EQU 0001
PRESERVE_MENU_STACK EQU 0000
Defining MACRO READ_ACC_WITH_HALT
No params.
Defining MACRO READ_PAIR_WITH_HALT
Params: reg_low, reg_high
Defining MACRO SET_BORDER
Params: colour
		ORG 0000
0000:		label L0000
0000:F3		DI
0001:31FFFF	LD SP, FFFF
Expanding MACRO SET_BORDER
colour= 0000 
LD A , colour 
0004:3E00	LD A, 00
AND 0007 
0006:E607	AND 07
OUT ( 00FE ) , A 
0008:D3FE	OUT (FE), A
ENDM 
		ENDM
End of MACRO SET_BORDER
000A:CD2603	CALL 0326
000D:3E20	LD A, 20
000F:01FD7F	LD BC, 7FFD
0012:ED79	OUT (C), A
0014:C37400	JP 0074
		IF (false)
- 	.ERROR "CODE OVERLAPS"
		ENDIF
		ORG 0038
0038:		label L0038
0038:C9		RET
		IF (false)
- 	.ERROR "CODE OVERLAPS"
		ENDIF
		ORG 0066
0066:		label L0066
0066:ED45	RETN
0068:00		NOP
0069:00		NOP
006A:00		NOP
006B:00		NOP
006C:00		NOP
006D:00		NOP
006E:00		NOP
006F:00		NOP
0070:00		NOP
0071:C3C204	JP 04C2
0074:		label mainloop
0074:0E1F	LD C, 1F
Expanding MACRO READ_PAIR_WITH_HALT
reg_low= H 
reg_high= L 
HALT 
0076:76		HALT
IN reg_low , ( C ) 
0077:ED60	IN H, (C)
HALT 
0079:76		HALT
IN reg_high , ( C ) 
007A:ED68	IN L, (C)
ENDM 
		ENDM
End of MACRO READ_PAIR_WITH_HALT
007C:E9		JP (HL)
007D:C37400	JP 0074
		ORG 00D0
00D0:C34E01	JP 014E
00D3:C39901	JP 0199
00D6:C3A201	JP 01A2
00D9:C3DF01	JP 01DF
00DC:C3F701	JP 01F7
00DF:C30902	JP 0209
00E2:C37202	JP 0272
00E5:C37902	JP 0279
00E8:C39702	JP 0297
00EB:C37101	JP 0171
00EE:C35701	JP 0157
		IF (false)
- 	.ERROR "CODE OVERLAPS"
		ENDIF
00F1:		label sendFunctionList
00F1:0E1F	LD C, 1F
00F3:219901	LD HL, 0199
00F6:ED69	OUT (C), L
00F8:76		HALT
00F9:ED61	OUT (C), H
00FB:76		HALT
00FC:21A201	LD HL, 01A2
00FF:ED69	OUT (C), L
0101:76		HALT
0102:ED61	OUT (C), H
0104:76		HALT
0105:21DF01	LD HL, 01DF
0108:ED69	OUT (C), L
010A:76		HALT
010B:ED61	OUT (C), H
010D:76		HALT
010E:21F701	LD HL, 01F7
0111:ED69	OUT (C), L
0113:76		HALT
0114:ED61	OUT (C), H
0116:76		HALT
0117:210902	LD HL, 0209
011A:ED69	OUT (C), L
011C:76		HALT
011D:ED61	OUT (C), H
011F:76		HALT
0120:217202	LD HL, 0272
0123:ED69	OUT (C), L
0125:76		HALT
0126:ED61	OUT (C), H
0128:76		HALT
0129:217902	LD HL, 0279
012C:ED69	OUT (C), L
012E:76		HALT
012F:ED61	OUT (C), H
0131:76		HALT
0132:219702	LD HL, 0297
0135:ED69	OUT (C), L
0137:76		HALT
0138:ED61	OUT (C), H
013A:76		HALT
013B:217101	LD HL, 0171
013E:ED69	OUT (C), L
0140:76		HALT
0141:ED61	OUT (C), H
0143:76		HALT
0144:215701	LD HL, 0157
0147:ED69	OUT (C), L
0149:76		HALT
014A:ED61	OUT (C), H
014C:76		HALT
014D:C9		RET
014E:		label command_NOP
Expanding MACRO SET_BORDER
colour= 0002 
LD A , colour 
014E:3E02	LD A, 02
AND 0007 
0150:E607	AND 07
OUT ( 00FE ) , A 
0152:D3FE	OUT (FE), A
ENDM 
		ENDM
End of MACRO SET_BORDER
0154:C37400	JP 0074
0157:		label command_SendData
Expanding MACRO READ_PAIR_WITH_HALT
reg_low= D 
reg_high= E 
HALT 
0157:76		HALT
IN reg_low , ( C ) 
0158:ED50	IN D, (C)
HALT 
015A:76		HALT
IN reg_high , ( C ) 
015B:ED58	IN E, (C)
ENDM 
		ENDM
End of MACRO READ_PAIR_WITH_HALT
Expanding MACRO READ_PAIR_WITH_HALT
reg_low= H 
reg_high= L 
HALT 
015D:76		HALT
IN reg_low , ( C ) 
015E:ED60	IN H, (C)
HALT 
0160:76		HALT
IN reg_high , ( C ) 
0161:ED68	IN L, (C)
ENDM 
		ENDM
End of MACRO READ_PAIR_WITH_HALT
0163:		label .transmitLoop
0163:7E		LD A, (HL)
0164:D31F	OUT (1F), A
0166:76		HALT
0167:23		INC HL
0168:1B		DEC DE
0169:7A		LD A, D
016A:B3		OR E
016B:C26301	JP NZ, 0163
016E:C37400	JP 0074
0171:		label command_fill_mem_bytecount
Expanding MACRO READ_PAIR_WITH_HALT
reg_low= H 
reg_high= L 
HALT 
0171:76		HALT
IN reg_low , ( C ) 
0172:ED60	IN H, (C)
HALT 
0174:76		HALT
IN reg_high , ( C ) 
0175:ED68	IN L, (C)
ENDM 
		ENDM
End of MACRO READ_PAIR_WITH_HALT
0177:76		HALT
0178:ED40	IN B, (C)
Expanding MACRO READ_ACC_WITH_HALT
HALT 
017A:76		HALT
IN A , ( 001F ) 
017B:DB1F	IN A, (1F)
ENDM 
		ENDM
End of MACRO READ_ACC_WITH_HALT
017D:DD210000	LD IX, 0000
0181:DD39	ADD IX, SP
0183:		label CheckParity
0183:CB40	BIT 0, B
0185:2805	JR Z, 018C
0187:		label HandleOddByte
0187:2B		DEC HL
0188:77		LD (HL), A
0189:05		DEC B
018A:2808	JR Z, 0194
018C:		label StartEvenFill
018C:CB38	SRL B
018E:F9		LD SP, HL
018F:67		LD H, A
0190:6F		LD L, A
0191:		label FillLoopOptimized
0191:E5		PUSH HL
0192:10FD	DJNZ 0191
0194:		label RestoreSP
0194:DDF9	LD SP, IX
0196:C37400	JP 0074
0199:		label command_TransmitKey
0199:C39903	JP 0399
019C:		label GET_KEY_RET
019C:D31F	OUT (1F), A
019E:76		HALT
019F:C37400	JP 0074
01A2:		label command_Fill
Expanding MACRO READ_PAIR_WITH_HALT
reg_low= D 
reg_high= E 
HALT 
01A2:76		HALT
IN reg_low , ( C ) 
01A3:ED50	IN D, (C)
HALT 
01A5:76		HALT
IN reg_high , ( C ) 
01A6:ED58	IN E, (C)
ENDM 
		ENDM
End of MACRO READ_PAIR_WITH_HALT
Expanding MACRO READ_PAIR_WITH_HALT
reg_low= H 
reg_high= L 
HALT 
01A8:76		HALT
IN reg_low , ( C ) 
01A9:ED60	IN H, (C)
HALT 
01AB:76		HALT
IN reg_high , ( C ) 
01AC:ED68	IN L, (C)
ENDM 
		ENDM
End of MACRO READ_PAIR_WITH_HALT
01AE:76		HALT
01AF:ED78	IN A, (C)
01B1:DD210000	LD IX, 0000
01B5:DD39	ADD IX, SP
01B7:CB43	BIT 0, E
01B9:2803	JR Z, 01BE
01BB:77		LD (HL), A
01BC:23		INC HL
01BD:1B		DEC DE
01BE:		label .EvenStart
01BE:19		ADD HL, DE
01BF:F9		LD SP, HL
01C0:67		LD H, A
01C1:6F		LD L, A
01C2:CB3A	SRL D
01C4:CB1B	RR E
01C6:7A		LD A, D
01C7:B7		OR A
01C8:2808	JR Z, 01D2
01CA:		label .LoopBlocks
01CA:0600	LD B, 00
01CC:		label .LoopInner
01CC:E5		PUSH HL
01CD:10FD	DJNZ 01CC
01CF:3D		DEC A
01D0:20F8	JR NZ, 01CA
01D2:		label .Remainder
01D2:7B		LD A, E
01D3:B7		OR A
01D4:2804	JR Z, 01DA
01D6:47		LD B, A
01D7:		label .LoopRem
01D7:E5		PUSH HL
01D8:10FD	DJNZ 01D7
01DA:		label .Done
01DA:DDF9	LD SP, IX
01DC:C37400	JP 0074
01DF:		label command_Transfer
01DF:76		HALT
01E0:ED40	IN B, (C)
Expanding MACRO READ_PAIR_WITH_HALT
reg_low= H 
reg_high= L 
HALT 
01E2:76		HALT
IN reg_low , ( C ) 
01E3:ED60	IN H, (C)
HALT 
01E5:76		HALT
IN reg_high , ( C ) 
01E6:ED68	IN L, (C)
ENDM 
		ENDM
End of MACRO READ_PAIR_WITH_HALT
01E8:		label readDataLoop
01E8:76		HALT
01E9:EDA2	INI
01EB:C2E801	JP NZ, 01E8
01EE:ED5F	LD A, R
01F0:E601	AND 01
01F2:D3FE	OUT (FE), A
01F4:C37400	JP 0074
01F7:		label command_Copy
01F7:76		HALT
01F8:ED40	IN B, (C)
Expanding MACRO READ_PAIR_WITH_HALT
reg_low= H 
reg_high= L 
HALT 
01FA:76		HALT
IN reg_low , ( C ) 
01FB:ED60	IN H, (C)
HALT 
01FD:76		HALT
IN reg_high , ( C ) 
01FE:ED68	IN L, (C)
ENDM 
		ENDM
End of MACRO READ_PAIR_WITH_HALT
0200:		label CopyLoop
0200:76		HALT
0201:EDA2	INI
0203:C20002	JP NZ, 0200
0206:C37400	JP 0074
0209:		label command_Copy32
Expanding MACRO READ_PAIR_WITH_HALT
reg_low= H 
reg_high= L 
HALT 
0209:76		HALT
IN reg_low , ( C ) 
020A:ED60	IN H, (C)
HALT 
020C:76		HALT
IN reg_high , ( C ) 
020D:ED68	IN L, (C)
ENDM 
		ENDM
End of MACRO READ_PAIR_WITH_HALT
		REPT 32
020F:76		HALT
0210:EDA2	INI
0212:76		HALT
0213:EDA2	INI
0215:76		HALT
0216:EDA2	INI
0218:76		HALT
0219:EDA2	INI
021B:76		HALT
021C:EDA2	INI
021E:76		HALT
021F:EDA2	INI
0221:76		HALT
0222:EDA2	INI
0224:76		HALT
0225:EDA2	INI
0227:76		HALT
0228:EDA2	INI
022A:76		HALT
022B:EDA2	INI
022D:76		HALT
022E:EDA2	INI
0230:76		HALT
0231:EDA2	INI
0233:76		HALT
0234:EDA2	INI
0236:76		HALT
0237:EDA2	INI
0239:76		HALT
023A:EDA2	INI
023C:76		HALT
023D:EDA2	INI
023F:76		HALT
0240:EDA2	INI
0242:76		HALT
0243:EDA2	INI
0245:76		HALT
0246:EDA2	INI
0248:76		HALT
0249:EDA2	INI
024B:76		HALT
024C:EDA2	INI
024E:76		HALT
024F:EDA2	INI
0251:76		HALT
0252:EDA2	INI
0254:76		HALT
0255:EDA2	INI
0257:76		HALT
0258:EDA2	INI
025A:76		HALT
025B:EDA2	INI
025D:76		HALT
025E:EDA2	INI
0260:76		HALT
0261:EDA2	INI
0263:76		HALT
0264:EDA2	INI
0266:76		HALT
0267:EDA2	INI
0269:76		HALT
026A:EDA2	INI
026C:76		HALT
026D:EDA2	INI
		ENDM
026F:C37400	JP 0074
0272:		label command_VBL_Wait
0272:ED56	IM 1
0274:FB		EI
0275:76		HALT
0276:C37400	JP 0074
0279:		label command_Stack
Expanding MACRO READ_PAIR_WITH_HALT
reg_low= H 
reg_high= L 
HALT 
0279:76		HALT
IN reg_low , ( C ) 
027A:ED60	IN H, (C)
HALT 
027C:76		HALT
IN reg_high , ( C ) 
027D:ED68	IN L, (C)
ENDM 
		ENDM
End of MACRO READ_PAIR_WITH_HALT
Expanding MACRO READ_ACC_WITH_HALT
HALT 
027F:76		HALT
IN A , ( 001F ) 
0280:DB1F	IN A, (1F)
ENDM 
		ENDM
End of MACRO READ_ACC_WITH_HALT
0282:B7		OR A
0283:200D	JR NZ, 0292
0285:		label .store
0285:210000	LD HL, 0000
0288:39		ADD HL, SP
0289:ED69	OUT (C), L
028B:76		HALT
028C:ED61	OUT (C), H
028E:76		HALT
028F:C37400	JP 0074
0292:		label .restore
0292:F9		LD SP, HL
0293:76		HALT
0294:C37400	JP 0074
0297:		label command_Execute
0297:212303	LD HL, 0323
029A:110040	LD DE, 4000
029D:010300	LD BC, 0003
02A0:EDB0	LDIR
Expanding MACRO READ_ACC_WITH_HALT
HALT 
02A2:76		HALT
IN A , ( 001F ) 
02A3:DB1F	IN A, (1F)
ENDM 
		ENDM
End of MACRO READ_ACC_WITH_HALT
02A5:ED47	LD I, A
02A7:0E1F	LD C, 1F
Expanding MACRO READ_PAIR_WITH_HALT
reg_low= L 
reg_high= H 
HALT 
02A9:76		HALT
IN reg_low , ( C ) 
02AA:ED68	IN L, (C)
HALT 
02AC:76		HALT
IN reg_high , ( C ) 
02AD:ED60	IN H, (C)
ENDM 
		ENDM
End of MACRO READ_PAIR_WITH_HALT
Expanding MACRO READ_PAIR_WITH_HALT
reg_low= E 
reg_high= D 
HALT 
02AF:76		HALT
IN reg_low , ( C ) 
02B0:ED58	IN E, (C)
HALT 
02B2:76		HALT
IN reg_high , ( C ) 
02B3:ED50	IN D, (C)
ENDM 
		ENDM
End of MACRO READ_PAIR_WITH_HALT
Expanding MACRO READ_ACC_WITH_HALT
HALT 
02B5:76		HALT
IN A , ( 001F ) 
02B6:DB1F	IN A, (1F)
ENDM 
		ENDM
End of MACRO READ_ACC_WITH_HALT
02B8:4F		LD C, A
Expanding MACRO READ_ACC_WITH_HALT
HALT 
02B9:76		HALT
IN A , ( 001F ) 
02BA:DB1F	IN A, (1F)
ENDM 
		ENDM
End of MACRO READ_ACC_WITH_HALT
02BC:47		LD B, A
02BD:D9		EXX
02BE:0E1F	LD C, 1F
Expanding MACRO READ_PAIR_WITH_HALT
reg_low= E 
reg_high= D 
HALT 
02C0:76		HALT
IN reg_low , ( C ) 
02C1:ED58	IN E, (C)
HALT 
02C3:76		HALT
IN reg_high , ( C ) 
02C4:ED50	IN D, (C)
ENDM 
		ENDM
End of MACRO READ_PAIR_WITH_HALT
02C6:D5		PUSH DE
02C7:F1		POP AF
02C8:08		EX AF, AF'
02C9:0E1F	LD C, 1F
Expanding MACRO READ_PAIR_WITH_HALT
reg_low= E 
reg_high= D 
HALT 
02CB:76		HALT
IN reg_low , ( C ) 
02CC:ED58	IN E, (C)
HALT 
02CE:76		HALT
IN reg_high , ( C ) 
02CF:ED50	IN D, (C)
ENDM 
		ENDM
End of MACRO READ_PAIR_WITH_HALT
02D1:FD6B	LD IYL, E
02D3:FD62	LD IYH, D
Expanding MACRO READ_PAIR_WITH_HALT
reg_low= E 
reg_high= D 
HALT 
02D5:76		HALT
IN reg_low , ( C ) 
02D6:ED58	IN E, (C)
HALT 
02D8:76		HALT
IN reg_high , ( C ) 
02D9:ED50	IN D, (C)
ENDM 
		ENDM
End of MACRO READ_PAIR_WITH_HALT
02DB:DD6B	LD IXL, E
02DD:DD62	LD IXH, D
Expanding MACRO READ_ACC_WITH_HALT
HALT 
02DF:76		HALT
IN A , ( 001F ) 
02E0:DB1F	IN A, (1F)
ENDM 
		ENDM
End of MACRO READ_ACC_WITH_HALT
02E2:C39003	JP 0390
02E5:		label RestoreEI_IFFStateComplete
Expanding MACRO READ_ACC_WITH_HALT
HALT 
02E5:76		HALT
IN A , ( 001F ) 
02E6:DB1F	IN A, (1F)
ENDM 
		ENDM
End of MACRO READ_ACC_WITH_HALT
02E8:ED4F	LD R, A
Expanding MACRO READ_PAIR_WITH_HALT
reg_low= L 
reg_high= H 
HALT 
02EA:76		HALT
IN reg_low , ( C ) 
02EB:ED68	IN L, (C)
HALT 
02ED:76		HALT
IN reg_high , ( C ) 
02EE:ED60	IN H, (C)
ENDM 
		ENDM
End of MACRO READ_PAIR_WITH_HALT
02F0:F9		LD SP, HL
02F1:E1		POP HL
02F2:220140	LD (4001), HL
Expanding MACRO READ_PAIR_WITH_HALT
reg_low= L 
reg_high= H 
HALT 
02F5:76		HALT
IN reg_low , ( C ) 
02F6:ED68	IN L, (C)
HALT 
02F8:76		HALT
IN reg_high , ( C ) 
02F9:ED60	IN H, (C)
ENDM 
		ENDM
End of MACRO READ_PAIR_WITH_HALT
Expanding MACRO READ_ACC_WITH_HALT
HALT 
02FB:76		HALT
IN A , ( 001F ) 
02FC:DB1F	IN A, (1F)
ENDM 
		ENDM
End of MACRO READ_ACC_WITH_HALT
02FE:C37903	JP 0379
0301:		label RestoreInterruptModeComplete
Expanding MACRO READ_ACC_WITH_HALT
HALT 
0301:76		HALT
IN A , ( 001F ) 
0302:DB1F	IN A, (1F)
ENDM 
		ENDM
End of MACRO READ_ACC_WITH_HALT
0304:E607	AND 07
0306:D3FE	OUT (FE), A
Expanding MACRO READ_PAIR_WITH_HALT
reg_low= E 
reg_high= D 
HALT 
0308:76		HALT
IN reg_low , ( C ) 
0309:ED58	IN E, (C)
HALT 
030B:76		HALT
IN reg_high , ( C ) 
030C:ED50	IN D, (C)
ENDM 
		ENDM
End of MACRO READ_PAIR_WITH_HALT
Expanding MACRO READ_ACC_WITH_HALT
HALT 
030E:76		HALT
IN A , ( 001F ) 
030F:DB1F	IN A, (1F)
ENDM 
		ENDM
End of MACRO READ_ACC_WITH_HALT
0311:4F		LD C, A
Expanding MACRO READ_ACC_WITH_HALT
HALT 
0312:76		HALT
IN A , ( 001F ) 
0313:DB1F	IN A, (1F)
ENDM 
		ENDM
End of MACRO READ_ACC_WITH_HALT
0315:47		LD B, A
Expanding MACRO READ_ACC_WITH_HALT
HALT 
0316:76		HALT
IN A , ( 001F ) 
0317:DB1F	IN A, (1F)
ENDM 
		ENDM
End of MACRO READ_ACC_WITH_HALT
0319:F5		PUSH AF
031A:33		INC SP
031B:F1		POP AF
031C:3B		DEC SP
Expanding MACRO READ_ACC_WITH_HALT
HALT 
031D:76		HALT
IN A , ( 001F ) 
031E:DB1F	IN A, (1F)
ENDM 
		ENDM
End of MACRO READ_ACC_WITH_HALT
0320:C3D416	JP 16D4
0323:		label relocate
0323:		label JumpInstruction
0323:C30000	JP 0000
0326:		label TempStack
0326:		label relocateEnd
0326:		label ClearScreenAttributes
0326:DD210000	LD IX, 0000
032A:DD39	ADD IX, SP
032C:210000	LD HL, 0000
032F:31005B	LD SP, 5B00
0332:0606	LD B, 06
0334:		label clr_attr_loop
		REPT 64
0334:E5		PUSH HL
0335:E5		PUSH HL
0336:E5		PUSH HL
0337:E5		PUSH HL
0338:E5		PUSH HL
0339:E5		PUSH HL
033A:E5		PUSH HL
033B:E5		PUSH HL
033C:E5		PUSH HL
033D:E5		PUSH HL
033E:E5		PUSH HL
033F:E5		PUSH HL
0340:E5		PUSH HL
0341:E5		PUSH HL
0342:E5		PUSH HL
0343:E5		PUSH HL
0344:E5		PUSH HL
0345:E5		PUSH HL
0346:E5		PUSH HL
0347:E5		PUSH HL
0348:E5		PUSH HL
0349:E5		PUSH HL
034A:E5		PUSH HL
034B:E5		PUSH HL
034C:E5		PUSH HL
034D:E5		PUSH HL
034E:E5		PUSH HL
034F:E5		PUSH HL
0350:E5		PUSH HL
0351:E5		PUSH HL
0352:E5		PUSH HL
0353:E5		PUSH HL
0354:E5		PUSH HL
0355:E5		PUSH HL
0356:E5		PUSH HL
0357:E5		PUSH HL
0358:E5		PUSH HL
0359:E5		PUSH HL
035A:E5		PUSH HL
035B:E5		PUSH HL
035C:E5		PUSH HL
035D:E5		PUSH HL
035E:E5		PUSH HL
035F:E5		PUSH HL
0360:E5		PUSH HL
0361:E5		PUSH HL
0362:E5		PUSH HL
0363:E5		PUSH HL
0364:E5		PUSH HL
0365:E5		PUSH HL
0366:E5		PUSH HL
0367:E5		PUSH HL
0368:E5		PUSH HL
0369:E5		PUSH HL
036A:E5		PUSH HL
036B:E5		PUSH HL
036C:E5		PUSH HL
036D:E5		PUSH HL
036E:E5		PUSH HL
036F:E5		PUSH HL
0370:E5		PUSH HL
0371:E5		PUSH HL
0372:E5		PUSH HL
0373:E5		PUSH HL
		ENDM
0374:10BE	DJNZ 0334
0376:DDF9	LD SP, IX
0378:C9		RET
0379:		label RestoreInterruptMode
0379:FE00	CP 00
037B:280E	JR Z, 038B
037D:FE01	CP 01
037F:2805	JR Z, 0386
0381:		label setIM2
0381:ED5E	IM 2
0383:C30103	JP 0301
0386:		label setIM1
0386:ED56	IM 1
0388:C30103	JP 0301
038B:		label setIM0
038B:ED46	IM 0
038D:C30103	JP 0301
0390:		label RestoreEI_IFFState
0390:E604	AND 04
0392:CAE502	JP Z, 02E5
0395:FB		EI
0396:C3E502	JP 02E5
0399:		label GET_KEY
0399:21B503	LD HL, 03B5
039C:16FE	LD D, FE
039E:		label KEY_LOOP
039E:7A		LD A, D
039F:DBFE	IN A, (FE)
03A1:1E01	LD E, 01
03A3:0605	LD B, 05
03A5:		label CheckKey
03A5:0F		RRCA
03A6:3009	JR NC, 03B1
03A8:23		INC HL
03A9:CB23	SLA E
03AB:10F8	DJNZ 03A5
03AD:CB02	RLC D
03AF:38ED	JR C, 039E
03B1:		label KEY_PRESSED
03B1:7E		LD A, (HL)
03B2:C39C01	JP 019C
03B5:		label KEY_TABLE
03B5:015A5843	DEFB of 5 bytes
03B9:56
03BA:41534446	DEFB of 5 bytes
03BE:47
03BF:51574552	DEFB of 5 bytes
03C3:54
03C4:31323334	DEFB of 5 bytes
03C8:35
03C9:30393837	DEFB of 5 bytes
03CD:36
03CE:504F4955	DEFB of 5 bytes
03D2:59
03D3:0D4C4B4A	DEFB of 5 bytes
03D7:48
03D8:20024D4E	DEFB of 5 bytes
03DC:42
03DD:00		DEFB of 1 bytes
		IF (false)
- 	.ERROR "CODE OVERLAPS"
		ENDIF
		ORG 04AA
04AA:		label L04AA
04AA:1859	JR 0505
04AC:		label .restoreInGameStateCompletedWithEI
04AC:		label .ContinueGameIdle
04AC:18FE	JR 04AC
04AE:00		NOP
04AF:00		NOP
04B0:		label L04B0
04B0:		label .restoreInGameStateCompletedWithDI
04B0:		label .ContinueGameIdle2
04B0:18FE	JR 04B0
04B2:00		NOP
04B3:00		NOP
04B4:00		NOP
04B5:00		NOP
04B6:00		NOP
04B7:00		NOP
04B8:00		NOP
04B9:00		NOP
04BA:00		NOP
04BB:00		NOP
04BC:00		NOP
04BD:00		NOP
04BE:00		NOP
04BF:00		NOP
04C0:00		NOP
04C1:00		NOP
04C2:		label .IngameHook
		IF (false)
- 	LD (16384+30),SP  
- 	LD SP,16384+30 ; next push goes down (sp:=sp-2)
		ENDIF
04C2:D31F	OUT (1F), A
04C4:76		HALT
04C5:78		LD A, B
04C6:D31F	OUT (1F), A
04C8:76		HALT
04C9:79		LD A, C
04CA:D31F	OUT (1F), A
04CC:76		HALT
04CD:F5		PUSH AF
04CE:C1		POP BC
04CF:79		LD A, C
04D0:D31F	OUT (1F), A
04D2:76		HALT
04D3:ED57	LD A, I
04D5:E2E004	JP PO, 04E0
04D8:		label .WasOn
04D8:F680	OR 80
04DA:D31F	OUT (1F), A
04DC:76		HALT
04DD:F3		DI
04DE:1805	JR 04E5
04E0:		label .WasOff
04E0:E67F	AND 7F
04E2:D31F	OUT (1F), A
04E4:76		HALT
04E5:		label .SendRegs
04E5:7A		LD A, D
04E6:D31F	OUT (1F), A
04E8:76		HALT
04E9:7B		LD A, E
04EA:D31F	OUT (1F), A
04EC:76		HALT
04ED:7C		LD A, H
04EE:D31F	OUT (1F), A
04F0:76		HALT
04F1:7D		LD A, L
04F2:D31F	OUT (1F), A
04F4:76		HALT
04F5:DD7C	LD A, IXH
04F7:D31F	OUT (1F), A
04F9:76		HALT
04FA:DD7D	LD A, IXL
04FC:D31F	OUT (1F), A
04FE:76		HALT
04FF:CD4805	CALL 0548
0502:C37400	JP 0074
0505:		label .restoreInGameState
0505:76		HALT
0506:DB1F	IN A, (1F)
0508:57		LD D, A
0509:76		HALT
050A:DB1F	IN A, (1F)
050C:5F		LD E, A
050D:76		HALT
050E:DB1F	IN A, (1F)
0510:47		LD B, A
0511:76		HALT
0512:DB1F	IN A, (1F)
0514:4F		LD C, A
0515:76		HALT
0516:DB1F	IN A, (1F)
0518:67		LD H, A
0519:76		HALT
051A:DB1F	IN A, (1F)
051C:6F		LD L, A
051D:76		HALT
051E:DB1F	IN A, (1F)
0520:DD67	LD IXH, A
0522:76		HALT
0523:DB1F	IN A, (1F)
0525:DD6F	LD IXL, A
0527:76		HALT
0528:DB1F	IN A, (1F)
052A:CB7F	BIT 7, A
052C:280D	JR Z, 053B
052E:76		HALT
052F:DB1F	IN A, (1F)
0531:F5		PUSH AF
0532:33		INC SP
0533:F1		POP AF
0534:3B		DEC SP
0535:76		HALT
0536:DB1F	IN A, (1F)
		IF (false)
- 	LD SP,(16384+30)		 ; restore game stack
		ENDIF
0538:C3AC04	JP 04AC
053B:		label .disablePath
053B:76		HALT
053C:DB1F	IN A, (1F)
053E:F5		PUSH AF
053F:33		INC SP
0540:F1		POP AF
0541:3B		DEC SP
0542:76		HALT
0543:DB1F	IN A, (1F)
		IF (false)
- 	LD SP,(16384+30)   ; restore game stack
		ENDIF
0545:C3B004	JP 04B0
0548:		label command_MuteAY
0548:01FDFF	LD BC, FFFD
054B:3E07	LD A, 07
054D:ED79	OUT (C), A
054F:06BF	LD B, BF
0551:3EFF	LD A, FF
0553:ED79	OUT (C), A
0555:C9		RET
0556:		label Detect128K
0556:2100C0	LD HL, C000
0559:01FD7F	LD BC, 7FFD
055C:3E10	LD A, 10
055E:ED79	OUT (C), A
0560:5E		LD E, (HL)
0561:3663	LD (HL), 63
0563:3E17	LD A, 17
0565:ED79	OUT (C), A
0567:3E63	LD A, 63
0569:BE		CP (HL)
056A:2804	JR Z, 0570
056C:1610	LD D, 10
056E:1802	JR 0572
0570:		label no_paging
0570:1600	LD D, 00
0572:		label cleanup
0572:3E10	LD A, 10
0574:ED79	OUT (C), A
0576:73		LD (HL), E
0577:7A		LD A, D
0578:C9		RET
		IF (false)
- 	.ERROR "CODE OVERLAPS"
		ENDIF
		ORG 16D4
16D4:		label L16D4
16D4:3D		DEC A
16D5:		label .idleGameStart
16D5:18FE	JR 16D5
16D7:00		NOP
16D8:00		NOP
16D9:00		NOP
16DA:00		NOP
		IF (false)
- 	.ERROR "CODE OVERLAPS"
		ENDIF
		ORG 3FF0
3FF0:		label debug_trap
Expanding MACRO SET_BORDER
colour= A 
LD A , colour 
3FF0:7F		LD A, A
AND 0007 
3FF1:E607	AND 07
OUT ( 00FE ) , A 
3FF3:D3FE	OUT (FE), A
ENDM 
		ENDM
End of MACRO SET_BORDER
3FF5:3C		INC A
3FF6:18F8	JR 3FF0
3FF8:		label last
3FF8:00000000	DEFS of 8 bytes with value 00
3FFC:00000000
Emiting raw binary from 0000 to 3FFF
