SCREEN_START	EQU 4000
SCREEN_END	EQU 57FF
SCREEN_ATTRIBUTES_START EQU 5800
SCREEN_ATTRIBUTES_END EQU 5AFF
LOADING_COLOUR_MASK EQU 0001
PRESERVE_MENU_STACK EQU 0000
Defining MACRO READ_ACC_WITH_HALT
No params.
Defining MACRO READ_PAIR_WITH_HALT
Params: reg_low, reg_high
Defining MACRO SET_BORDER
Params: colour
		ORG 0000
0000:		label L0000
0000:F3		DI
0001:31FFFF	LD SP, FFFF
0004:3E20	LD A, 20
0006:01FD7F	LD BC, 7FFD
0009:ED79	OUT (C), A
Expanding MACRO SET_BORDER
colour= 0000 
LD A , colour 
000B:3E00	LD A, 00
AND 0007 
000D:E607	AND 07
OUT ( 00FE ) , A 
000F:D3FE	OUT (FE), A
ENDM 
		ENDM
End of MACRO SET_BORDER
0011:C33C03	JP 033C
0014:		label ClearAllRamRet
0014:CDF100	CALL 00F1
0017:C37400	JP 0074
		IF (false)
- 	.ERROR "CODE OVERLAPS"
		ENDIF
		ORG 0038
0038:		label L0038
0038:C9		RET
		IF (false)
- 	.ERROR "CODE OVERLAPS"
		ENDIF
		ORG 0066
0066:		label L0066
0066:ED45	RETN
0068:00		NOP
0069:00		NOP
006A:00		NOP
006B:00		NOP
006C:00		NOP
006D:00		NOP
006E:00		NOP
006F:00		NOP
0070:00		NOP
0071:C3C204	JP 04C2
0074:		label mainloop
0074:0E1F	LD C, 1F
Expanding MACRO READ_PAIR_WITH_HALT
reg_low= H 
reg_high= L 
HALT 
0076:76		HALT
IN reg_low , ( C ) 
0077:ED60	IN H, (C)
HALT 
0079:76		HALT
IN reg_high , ( C ) 
007A:ED68	IN L, (C)
ENDM 
		ENDM
End of MACRO READ_PAIR_WITH_HALT
007C:E9		JP (HL)
007D:C37400	JP 0074
		ORG 00D0
00D0:C34E01	JP 014E
00D3:C39401	JP 0194
00D6:C39D01	JP 019D
00D9:C3DA01	JP 01DA
00DC:C3F201	JP 01F2
00DF:C30402	JP 0204
00E2:C36D02	JP 026D
00E5:C37402	JP 0274
00E8:C39202	JP 0292
00EB:C36C01	JP 016C
00EE:C35201	JP 0152
		IF (false)
- 	.ERROR "CODE OVERLAPS"
		ENDIF
00F1:		label sendFunctionList
00F1:0E1F	LD C, 1F
00F3:219401	LD HL, 0194
00F6:ED69	OUT (C), L
00F8:76		HALT
00F9:ED61	OUT (C), H
00FB:76		HALT
00FC:219D01	LD HL, 019D
00FF:ED69	OUT (C), L
0101:76		HALT
0102:ED61	OUT (C), H
0104:76		HALT
0105:21DA01	LD HL, 01DA
0108:ED69	OUT (C), L
010A:76		HALT
010B:ED61	OUT (C), H
010D:76		HALT
010E:21F201	LD HL, 01F2
0111:ED69	OUT (C), L
0113:76		HALT
0114:ED61	OUT (C), H
0116:76		HALT
0117:210402	LD HL, 0204
011A:ED69	OUT (C), L
011C:76		HALT
011D:ED61	OUT (C), H
011F:76		HALT
0120:216D02	LD HL, 026D
0123:ED69	OUT (C), L
0125:76		HALT
0126:ED61	OUT (C), H
0128:76		HALT
0129:217402	LD HL, 0274
012C:ED69	OUT (C), L
012E:76		HALT
012F:ED61	OUT (C), H
0131:76		HALT
0132:219202	LD HL, 0292
0135:ED69	OUT (C), L
0137:76		HALT
0138:ED61	OUT (C), H
013A:76		HALT
013B:216C01	LD HL, 016C
013E:ED69	OUT (C), L
0140:76		HALT
0141:ED61	OUT (C), H
0143:76		HALT
0144:215201	LD HL, 0152
0147:ED69	OUT (C), L
0149:76		HALT
014A:ED61	OUT (C), H
014C:76		HALT
014D:C9		RET
014E:		label command_NOP
014E:00		NOP
014F:C37400	JP 0074
0152:		label command_SendData
Expanding MACRO READ_PAIR_WITH_HALT
reg_low= D 
reg_high= E 
HALT 
0152:76		HALT
IN reg_low , ( C ) 
0153:ED50	IN D, (C)
HALT 
0155:76		HALT
IN reg_high , ( C ) 
0156:ED58	IN E, (C)
ENDM 
		ENDM
End of MACRO READ_PAIR_WITH_HALT
Expanding MACRO READ_PAIR_WITH_HALT
reg_low= H 
reg_high= L 
HALT 
0158:76		HALT
IN reg_low , ( C ) 
0159:ED60	IN H, (C)
HALT 
015B:76		HALT
IN reg_high , ( C ) 
015C:ED68	IN L, (C)
ENDM 
		ENDM
End of MACRO READ_PAIR_WITH_HALT
015E:		label .transmitLoop
015E:7E		LD A, (HL)
015F:D31F	OUT (1F), A
0161:76		HALT
0162:23		INC HL
0163:1B		DEC DE
0164:7A		LD A, D
0165:B3		OR E
0166:C25E01	JP NZ, 015E
0169:C37400	JP 0074
016C:		label command_fill_mem_bytecount
Expanding MACRO READ_PAIR_WITH_HALT
reg_low= H 
reg_high= L 
HALT 
016C:76		HALT
IN reg_low , ( C ) 
016D:ED60	IN H, (C)
HALT 
016F:76		HALT
IN reg_high , ( C ) 
0170:ED68	IN L, (C)
ENDM 
		ENDM
End of MACRO READ_PAIR_WITH_HALT
0172:76		HALT
0173:ED40	IN B, (C)
Expanding MACRO READ_ACC_WITH_HALT
HALT 
0175:76		HALT
IN A , ( 001F ) 
0176:DB1F	IN A, (1F)
ENDM 
		ENDM
End of MACRO READ_ACC_WITH_HALT
0178:DD210000	LD IX, 0000
017C:DD39	ADD IX, SP
017E:		label CheckParity
017E:CB40	BIT 0, B
0180:2805	JR Z, 0187
0182:		label HandleOddByte
0182:2B		DEC HL
0183:77		LD (HL), A
0184:05		DEC B
0185:2808	JR Z, 018F
0187:		label StartEvenFill
0187:CB38	SRL B
0189:F9		LD SP, HL
018A:67		LD H, A
018B:6F		LD L, A
018C:		label FillLoopOptimized
018C:E5		PUSH HL
018D:10FD	DJNZ 018C
018F:		label RestoreSP
018F:DDF9	LD SP, IX
0191:C37400	JP 0074
0194:		label command_TransmitKey
0194:C3D103	JP 03D1
0197:		label GET_KEY_RET
0197:D31F	OUT (1F), A
0199:76		HALT
019A:C37400	JP 0074
019D:		label command_Fill
Expanding MACRO READ_PAIR_WITH_HALT
reg_low= D 
reg_high= E 
HALT 
019D:76		HALT
IN reg_low , ( C ) 
019E:ED50	IN D, (C)
HALT 
01A0:76		HALT
IN reg_high , ( C ) 
01A1:ED58	IN E, (C)
ENDM 
		ENDM
End of MACRO READ_PAIR_WITH_HALT
Expanding MACRO READ_PAIR_WITH_HALT
reg_low= H 
reg_high= L 
HALT 
01A3:76		HALT
IN reg_low , ( C ) 
01A4:ED60	IN H, (C)
HALT 
01A6:76		HALT
IN reg_high , ( C ) 
01A7:ED68	IN L, (C)
ENDM 
		ENDM
End of MACRO READ_PAIR_WITH_HALT
01A9:76		HALT
01AA:ED78	IN A, (C)
01AC:DD210000	LD IX, 0000
01B0:DD39	ADD IX, SP
01B2:CB43	BIT 0, E
01B4:2803	JR Z, 01B9
01B6:77		LD (HL), A
01B7:23		INC HL
01B8:1B		DEC DE
01B9:		label .EvenStart
01B9:19		ADD HL, DE
01BA:F9		LD SP, HL
01BB:67		LD H, A
01BC:6F		LD L, A
01BD:CB3A	SRL D
01BF:CB1B	RR E
01C1:7A		LD A, D
01C2:B7		OR A
01C3:2808	JR Z, 01CD
01C5:		label .LoopBlocks
01C5:0600	LD B, 00
01C7:		label .LoopInner
01C7:E5		PUSH HL
01C8:10FD	DJNZ 01C7
01CA:3D		DEC A
01CB:20F8	JR NZ, 01C5
01CD:		label .Remainder
01CD:7B		LD A, E
01CE:B7		OR A
01CF:2804	JR Z, 01D5
01D1:47		LD B, A
01D2:		label .LoopRem
01D2:E5		PUSH HL
01D3:10FD	DJNZ 01D2
01D5:		label .Done
01D5:DDF9	LD SP, IX
01D7:C37400	JP 0074
01DA:		label command_Transfer
01DA:76		HALT
01DB:ED40	IN B, (C)
Expanding MACRO READ_PAIR_WITH_HALT
reg_low= H 
reg_high= L 
HALT 
01DD:76		HALT
IN reg_low , ( C ) 
01DE:ED60	IN H, (C)
HALT 
01E0:76		HALT
IN reg_high , ( C ) 
01E1:ED68	IN L, (C)
ENDM 
		ENDM
End of MACRO READ_PAIR_WITH_HALT
01E3:		label readDataLoop
01E3:76		HALT
01E4:EDA2	INI
01E6:C2E301	JP NZ, 01E3
01E9:ED5F	LD A, R
01EB:E601	AND 01
01ED:D3FE	OUT (FE), A
01EF:C37400	JP 0074
01F2:		label command_Copy
01F2:76		HALT
01F3:ED40	IN B, (C)
Expanding MACRO READ_PAIR_WITH_HALT
reg_low= H 
reg_high= L 
HALT 
01F5:76		HALT
IN reg_low , ( C ) 
01F6:ED60	IN H, (C)
HALT 
01F8:76		HALT
IN reg_high , ( C ) 
01F9:ED68	IN L, (C)
ENDM 
		ENDM
End of MACRO READ_PAIR_WITH_HALT
01FB:		label CopyLoop
01FB:76		HALT
01FC:EDA2	INI
01FE:C2FB01	JP NZ, 01FB
0201:C37400	JP 0074
0204:		label command_Copy32
Expanding MACRO READ_PAIR_WITH_HALT
reg_low= H 
reg_high= L 
HALT 
0204:76		HALT
IN reg_low , ( C ) 
0205:ED60	IN H, (C)
HALT 
0207:76		HALT
IN reg_high , ( C ) 
0208:ED68	IN L, (C)
ENDM 
		ENDM
End of MACRO READ_PAIR_WITH_HALT
		REPT 32
020A:76		HALT
020B:EDA2	INI
020D:76		HALT
020E:EDA2	INI
0210:76		HALT
0211:EDA2	INI
0213:76		HALT
0214:EDA2	INI
0216:76		HALT
0217:EDA2	INI
0219:76		HALT
021A:EDA2	INI
021C:76		HALT
021D:EDA2	INI
021F:76		HALT
0220:EDA2	INI
0222:76		HALT
0223:EDA2	INI
0225:76		HALT
0226:EDA2	INI
0228:76		HALT
0229:EDA2	INI
022B:76		HALT
022C:EDA2	INI
022E:76		HALT
022F:EDA2	INI
0231:76		HALT
0232:EDA2	INI
0234:76		HALT
0235:EDA2	INI
0237:76		HALT
0238:EDA2	INI
023A:76		HALT
023B:EDA2	INI
023D:76		HALT
023E:EDA2	INI
0240:76		HALT
0241:EDA2	INI
0243:76		HALT
0244:EDA2	INI
0246:76		HALT
0247:EDA2	INI
0249:76		HALT
024A:EDA2	INI
024C:76		HALT
024D:EDA2	INI
024F:76		HALT
0250:EDA2	INI
0252:76		HALT
0253:EDA2	INI
0255:76		HALT
0256:EDA2	INI
0258:76		HALT
0259:EDA2	INI
025B:76		HALT
025C:EDA2	INI
025E:76		HALT
025F:EDA2	INI
0261:76		HALT
0262:EDA2	INI
0264:76		HALT
0265:EDA2	INI
0267:76		HALT
0268:EDA2	INI
		ENDM
026A:C37400	JP 0074
026D:		label command_VBL_Wait
026D:ED56	IM 1
026F:FB		EI
0270:76		HALT
0271:C37400	JP 0074
0274:		label command_Stack
Expanding MACRO READ_PAIR_WITH_HALT
reg_low= H 
reg_high= L 
HALT 
0274:76		HALT
IN reg_low , ( C ) 
0275:ED60	IN H, (C)
HALT 
0277:76		HALT
IN reg_high , ( C ) 
0278:ED68	IN L, (C)
ENDM 
		ENDM
End of MACRO READ_PAIR_WITH_HALT
Expanding MACRO READ_ACC_WITH_HALT
HALT 
027A:76		HALT
IN A , ( 001F ) 
027B:DB1F	IN A, (1F)
ENDM 
		ENDM
End of MACRO READ_ACC_WITH_HALT
027D:B7		OR A
027E:200D	JR NZ, 028D
0280:		label .store
0280:210000	LD HL, 0000
0283:39		ADD HL, SP
0284:ED69	OUT (C), L
0286:76		HALT
0287:ED61	OUT (C), H
0289:76		HALT
028A:C37400	JP 0074
028D:		label .restore
028D:F9		LD SP, HL
028E:76		HALT
028F:C37400	JP 0074
0292:		label command_Execute
0292:211E03	LD HL, 031E
0295:110040	LD DE, 4000
0298:010300	LD BC, 0003
029B:EDB0	LDIR
Expanding MACRO READ_ACC_WITH_HALT
HALT 
029D:76		HALT
IN A , ( 001F ) 
029E:DB1F	IN A, (1F)
ENDM 
		ENDM
End of MACRO READ_ACC_WITH_HALT
02A0:ED47	LD I, A
02A2:0E1F	LD C, 1F
Expanding MACRO READ_PAIR_WITH_HALT
reg_low= L 
reg_high= H 
HALT 
02A4:76		HALT
IN reg_low , ( C ) 
02A5:ED68	IN L, (C)
HALT 
02A7:76		HALT
IN reg_high , ( C ) 
02A8:ED60	IN H, (C)
ENDM 
		ENDM
End of MACRO READ_PAIR_WITH_HALT
Expanding MACRO READ_PAIR_WITH_HALT
reg_low= E 
reg_high= D 
HALT 
02AA:76		HALT
IN reg_low , ( C ) 
02AB:ED58	IN E, (C)
HALT 
02AD:76		HALT
IN reg_high , ( C ) 
02AE:ED50	IN D, (C)
ENDM 
		ENDM
End of MACRO READ_PAIR_WITH_HALT
Expanding MACRO READ_ACC_WITH_HALT
HALT 
02B0:76		HALT
IN A , ( 001F ) 
02B1:DB1F	IN A, (1F)
ENDM 
		ENDM
End of MACRO READ_ACC_WITH_HALT
02B3:4F		LD C, A
Expanding MACRO READ_ACC_WITH_HALT
HALT 
02B4:76		HALT
IN A , ( 001F ) 
02B5:DB1F	IN A, (1F)
ENDM 
		ENDM
End of MACRO READ_ACC_WITH_HALT
02B7:47		LD B, A
02B8:D9		EXX
02B9:0E1F	LD C, 1F
Expanding MACRO READ_PAIR_WITH_HALT
reg_low= E 
reg_high= D 
HALT 
02BB:76		HALT
IN reg_low , ( C ) 
02BC:ED58	IN E, (C)
HALT 
02BE:76		HALT
IN reg_high , ( C ) 
02BF:ED50	IN D, (C)
ENDM 
		ENDM
End of MACRO READ_PAIR_WITH_HALT
02C1:D5		PUSH DE
02C2:F1		POP AF
02C3:08		EX AF, AF'
02C4:0E1F	LD C, 1F
Expanding MACRO READ_PAIR_WITH_HALT
reg_low= E 
reg_high= D 
HALT 
02C6:76		HALT
IN reg_low , ( C ) 
02C7:ED58	IN E, (C)
HALT 
02C9:76		HALT
IN reg_high , ( C ) 
02CA:ED50	IN D, (C)
ENDM 
		ENDM
End of MACRO READ_PAIR_WITH_HALT
02CC:FD6B	LD IYL, E
02CE:FD62	LD IYH, D
Expanding MACRO READ_PAIR_WITH_HALT
reg_low= E 
reg_high= D 
HALT 
02D0:76		HALT
IN reg_low , ( C ) 
02D1:ED58	IN E, (C)
HALT 
02D3:76		HALT
IN reg_high , ( C ) 
02D4:ED50	IN D, (C)
ENDM 
		ENDM
End of MACRO READ_PAIR_WITH_HALT
02D6:DD6B	LD IXL, E
02D8:DD62	LD IXH, D
Expanding MACRO READ_ACC_WITH_HALT
HALT 
02DA:76		HALT
IN A , ( 001F ) 
02DB:DB1F	IN A, (1F)
ENDM 
		ENDM
End of MACRO READ_ACC_WITH_HALT
02DD:C3C803	JP 03C8
02E0:		label RestoreEI_IFFStateComplete
Expanding MACRO READ_ACC_WITH_HALT
HALT 
02E0:76		HALT
IN A , ( 001F ) 
02E1:DB1F	IN A, (1F)
ENDM 
		ENDM
End of MACRO READ_ACC_WITH_HALT
02E3:ED4F	LD R, A
Expanding MACRO READ_PAIR_WITH_HALT
reg_low= L 
reg_high= H 
HALT 
02E5:76		HALT
IN reg_low , ( C ) 
02E6:ED68	IN L, (C)
HALT 
02E8:76		HALT
IN reg_high , ( C ) 
02E9:ED60	IN H, (C)
ENDM 
		ENDM
End of MACRO READ_PAIR_WITH_HALT
02EB:F9		LD SP, HL
02EC:E1		POP HL
02ED:220140	LD (4001), HL
Expanding MACRO READ_PAIR_WITH_HALT
reg_low= L 
reg_high= H 
HALT 
02F0:76		HALT
IN reg_low , ( C ) 
02F1:ED68	IN L, (C)
HALT 
02F3:76		HALT
IN reg_high , ( C ) 
02F4:ED60	IN H, (C)
ENDM 
		ENDM
End of MACRO READ_PAIR_WITH_HALT
Expanding MACRO READ_ACC_WITH_HALT
HALT 
02F6:76		HALT
IN A , ( 001F ) 
02F7:DB1F	IN A, (1F)
ENDM 
		ENDM
End of MACRO READ_ACC_WITH_HALT
02F9:C3B103	JP 03B1
02FC:		label RestoreInterruptModeComplete
Expanding MACRO READ_ACC_WITH_HALT
HALT 
02FC:76		HALT
IN A , ( 001F ) 
02FD:DB1F	IN A, (1F)
ENDM 
		ENDM
End of MACRO READ_ACC_WITH_HALT
02FF:E607	AND 07
0301:D3FE	OUT (FE), A
Expanding MACRO READ_PAIR_WITH_HALT
reg_low= E 
reg_high= D 
HALT 
0303:76		HALT
IN reg_low , ( C ) 
0304:ED58	IN E, (C)
HALT 
0306:76		HALT
IN reg_high , ( C ) 
0307:ED50	IN D, (C)
ENDM 
		ENDM
End of MACRO READ_PAIR_WITH_HALT
Expanding MACRO READ_ACC_WITH_HALT
HALT 
0309:76		HALT
IN A , ( 001F ) 
030A:DB1F	IN A, (1F)
ENDM 
		ENDM
End of MACRO READ_ACC_WITH_HALT
030C:4F		LD C, A
Expanding MACRO READ_ACC_WITH_HALT
HALT 
030D:76		HALT
IN A , ( 001F ) 
030E:DB1F	IN A, (1F)
ENDM 
		ENDM
End of MACRO READ_ACC_WITH_HALT
0310:47		LD B, A
Expanding MACRO READ_ACC_WITH_HALT
HALT 
0311:76		HALT
IN A , ( 001F ) 
0312:DB1F	IN A, (1F)
ENDM 
		ENDM
End of MACRO READ_ACC_WITH_HALT
0314:F5		PUSH AF
0315:33		INC SP
0316:F1		POP AF
0317:3B		DEC SP
Expanding MACRO READ_ACC_WITH_HALT
HALT 
0318:76		HALT
IN A , ( 001F ) 
0319:DB1F	IN A, (1F)
ENDM 
		ENDM
End of MACRO READ_ACC_WITH_HALT
031B:C3D416	JP 16D4
031E:		label relocate
031E:		label JumpInstruction
031E:C30000	JP 0000
0321:		label TempStack
0321:		label relocateEnd
0321:		label ClearScreen
Expanding MACRO SET_BORDER
colour= 0000 
LD A , colour 
0321:3E00	LD A, 00
AND 0007 
0323:E607	AND 07
OUT ( 00FE ) , A 
0325:D3FE	OUT (FE), A
ENDM 
		ENDM
End of MACRO SET_BORDER
0327:3E00	LD A, 00
0329:210040	LD HL, 4000
032C:110140	LD DE, 4001
032F:010018	LD BC, 1800
0332:77		LD (HL), A
0333:EDB0	LDIR
0335:01FF02	LD BC, 02FF
0338:77		LD (HL), A
0339:EDB0	LDIR
033B:C9		RET
033C:		label ClearAllRam
033C:DD210000	LD IX, 0000
0340:DD39	ADD IX, SP
0342:210000	LD HL, 0000
0345:310000	LD SP, 0000
0348:0600	LD B, 00
034A:		label clr
		REPT 96
034A:E5		PUSH HL
034B:E5		PUSH HL
034C:E5		PUSH HL
034D:E5		PUSH HL
034E:E5		PUSH HL
034F:E5		PUSH HL
0350:E5		PUSH HL
0351:E5		PUSH HL
0352:E5		PUSH HL
0353:E5		PUSH HL
0354:E5		PUSH HL
0355:E5		PUSH HL
0356:E5		PUSH HL
0357:E5		PUSH HL
0358:E5		PUSH HL
0359:E5		PUSH HL
035A:E5		PUSH HL
035B:E5		PUSH HL
035C:E5		PUSH HL
035D:E5		PUSH HL
035E:E5		PUSH HL
035F:E5		PUSH HL
0360:E5		PUSH HL
0361:E5		PUSH HL
0362:E5		PUSH HL
0363:E5		PUSH HL
0364:E5		PUSH HL
0365:E5		PUSH HL
0366:E5		PUSH HL
0367:E5		PUSH HL
0368:E5		PUSH HL
0369:E5		PUSH HL
036A:E5		PUSH HL
036B:E5		PUSH HL
036C:E5		PUSH HL
036D:E5		PUSH HL
036E:E5		PUSH HL
036F:E5		PUSH HL
0370:E5		PUSH HL
0371:E5		PUSH HL
0372:E5		PUSH HL
0373:E5		PUSH HL
0374:E5		PUSH HL
0375:E5		PUSH HL
0376:E5		PUSH HL
0377:E5		PUSH HL
0378:E5		PUSH HL
0379:E5		PUSH HL
037A:E5		PUSH HL
037B:E5		PUSH HL
037C:E5		PUSH HL
037D:E5		PUSH HL
037E:E5		PUSH HL
037F:E5		PUSH HL
0380:E5		PUSH HL
0381:E5		PUSH HL
0382:E5		PUSH HL
0383:E5		PUSH HL
0384:E5		PUSH HL
0385:E5		PUSH HL
0386:E5		PUSH HL
0387:E5		PUSH HL
0388:E5		PUSH HL
0389:E5		PUSH HL
038A:E5		PUSH HL
038B:E5		PUSH HL
038C:E5		PUSH HL
038D:E5		PUSH HL
038E:E5		PUSH HL
038F:E5		PUSH HL
0390:E5		PUSH HL
0391:E5		PUSH HL
0392:E5		PUSH HL
0393:E5		PUSH HL
0394:E5		PUSH HL
0395:E5		PUSH HL
0396:E5		PUSH HL
0397:E5		PUSH HL
0398:E5		PUSH HL
0399:E5		PUSH HL
039A:E5		PUSH HL
039B:E5		PUSH HL
039C:E5		PUSH HL
039D:E5		PUSH HL
039E:E5		PUSH HL
039F:E5		PUSH HL
03A0:E5		PUSH HL
03A1:E5		PUSH HL
03A2:E5		PUSH HL
03A3:E5		PUSH HL
03A4:E5		PUSH HL
03A5:E5		PUSH HL
03A6:E5		PUSH HL
03A7:E5		PUSH HL
03A8:E5		PUSH HL
03A9:E5		PUSH HL
		ENDM
03AA:109E	DJNZ 034A
03AC:DDF9	LD SP, IX
03AE:C31400	JP 0014
03B1:		label RestoreInterruptMode
03B1:FE00	CP 00
03B3:280E	JR Z, 03C3
03B5:FE01	CP 01
03B7:2805	JR Z, 03BE
03B9:		label setIM2
03B9:ED5E	IM 2
03BB:C3FC02	JP 02FC
03BE:		label setIM1
03BE:ED56	IM 1
03C0:C3FC02	JP 02FC
03C3:		label setIM0
03C3:ED46	IM 0
03C5:C3FC02	JP 02FC
03C8:		label RestoreEI_IFFState
03C8:E604	AND 04
03CA:CAE002	JP Z, 02E0
03CD:FB		EI
03CE:C3E002	JP 02E0
03D1:		label GET_KEY
03D1:21ED03	LD HL, 03ED
03D4:16FE	LD D, FE
03D6:		label KEY_LOOP
03D6:7A		LD A, D
03D7:DBFE	IN A, (FE)
03D9:1E01	LD E, 01
03DB:0605	LD B, 05
03DD:		label CheckKey
03DD:0F		RRCA
03DE:3009	JR NC, 03E9
03E0:23		INC HL
03E1:CB23	SLA E
03E3:10F8	DJNZ 03DD
03E5:CB02	RLC D
03E7:38ED	JR C, 03D6
03E9:		label KEY_PRESSED
03E9:7E		LD A, (HL)
03EA:C39701	JP 0197
03ED:		label KEY_TABLE
03ED:015A5843	DEFB of 5 bytes
03F1:56
03F2:41534446	DEFB of 5 bytes
03F6:47
03F7:51574552	DEFB of 5 bytes
03FB:54
03FC:31323334	DEFB of 5 bytes
0400:35
0401:30393837	DEFB of 5 bytes
0405:36
0406:504F4955	DEFB of 5 bytes
040A:59
040B:0D4C4B4A	DEFB of 5 bytes
040F:48
0410:20024D4E	DEFB of 5 bytes
0414:42
0415:00		DEFB of 1 bytes
		IF (false)
- 	.ERROR "CODE OVERLAPS"
		ENDIF
		ORG 04AA
04AA:		label L04AA
04AA:1859	JR 0505
04AC:		label .restoreInGameStateCompletedWithEI
04AC:		label .ContinueGameIdle
04AC:18FE	JR 04AC
04AE:00		NOP
04AF:00		NOP
04B0:		label L04B0
04B0:		label .restoreInGameStateCompletedWithDI
04B0:		label .ContinueGameIdle2
04B0:18FE	JR 04B0
04B2:00		NOP
04B3:00		NOP
04B4:00		NOP
04B5:00		NOP
04B6:00		NOP
04B7:00		NOP
04B8:00		NOP
04B9:00		NOP
04BA:00		NOP
04BB:00		NOP
04BC:00		NOP
04BD:00		NOP
04BE:00		NOP
04BF:00		NOP
04C0:00		NOP
04C1:00		NOP
04C2:		label .IngameHook
		IF (false)
- 	LD (16384+30),SP  
- 	LD SP,16384+30 ; next push goes down (sp:=sp-2)
		ENDIF
04C2:D31F	OUT (1F), A
04C4:76		HALT
04C5:78		LD A, B
04C6:D31F	OUT (1F), A
04C8:76		HALT
04C9:79		LD A, C
04CA:D31F	OUT (1F), A
04CC:76		HALT
04CD:F5		PUSH AF
04CE:C1		POP BC
04CF:79		LD A, C
04D0:D31F	OUT (1F), A
04D2:76		HALT
04D3:ED57	LD A, I
04D5:E2E004	JP PO, 04E0
04D8:		label .WasOn
04D8:F680	OR 80
04DA:D31F	OUT (1F), A
04DC:76		HALT
04DD:F3		DI
04DE:1805	JR 04E5
04E0:		label .WasOff
04E0:E67F	AND 7F
04E2:D31F	OUT (1F), A
04E4:76		HALT
04E5:		label .SendRegs
04E5:7A		LD A, D
04E6:D31F	OUT (1F), A
04E8:76		HALT
04E9:7B		LD A, E
04EA:D31F	OUT (1F), A
04EC:76		HALT
04ED:7C		LD A, H
04EE:D31F	OUT (1F), A
04F0:76		HALT
04F1:7D		LD A, L
04F2:D31F	OUT (1F), A
04F4:76		HALT
04F5:DD7C	LD A, IXH
04F7:D31F	OUT (1F), A
04F9:76		HALT
04FA:DD7D	LD A, IXL
04FC:D31F	OUT (1F), A
04FE:76		HALT
04FF:CD4805	CALL 0548
0502:C37400	JP 0074
0505:		label .restoreInGameState
0505:76		HALT
0506:DB1F	IN A, (1F)
0508:57		LD D, A
0509:76		HALT
050A:DB1F	IN A, (1F)
050C:5F		LD E, A
050D:76		HALT
050E:DB1F	IN A, (1F)
0510:47		LD B, A
0511:76		HALT
0512:DB1F	IN A, (1F)
0514:4F		LD C, A
0515:76		HALT
0516:DB1F	IN A, (1F)
0518:67		LD H, A
0519:76		HALT
051A:DB1F	IN A, (1F)
051C:6F		LD L, A
051D:76		HALT
051E:DB1F	IN A, (1F)
0520:DD67	LD IXH, A
0522:76		HALT
0523:DB1F	IN A, (1F)
0525:DD6F	LD IXL, A
0527:76		HALT
0528:DB1F	IN A, (1F)
052A:CB7F	BIT 7, A
052C:280D	JR Z, 053B
052E:76		HALT
052F:DB1F	IN A, (1F)
0531:F5		PUSH AF
0532:33		INC SP
0533:F1		POP AF
0534:3B		DEC SP
0535:76		HALT
0536:DB1F	IN A, (1F)
		IF (false)
- 	LD SP,(16384+30)		 ; restore game stack
		ENDIF
0538:C3AC04	JP 04AC
053B:		label .disablePath
053B:76		HALT
053C:DB1F	IN A, (1F)
053E:F5		PUSH AF
053F:33		INC SP
0540:F1		POP AF
0541:3B		DEC SP
0542:76		HALT
0543:DB1F	IN A, (1F)
		IF (false)
- 	LD SP,(16384+30)   ; restore game stack
		ENDIF
0545:C3B004	JP 04B0
0548:		label command_MuteAY
0548:01FDFF	LD BC, FFFD
054B:3E07	LD A, 07
054D:ED79	OUT (C), A
054F:06BF	LD B, BF
0551:3EFF	LD A, FF
0553:ED79	OUT (C), A
0555:C9		RET
0556:		label Detect128K
0556:2100C0	LD HL, C000
0559:01FD7F	LD BC, 7FFD
055C:3E10	LD A, 10
055E:ED79	OUT (C), A
0560:5E		LD E, (HL)
0561:3663	LD (HL), 63
0563:3E17	LD A, 17
0565:ED79	OUT (C), A
0567:3E63	LD A, 63
0569:BE		CP (HL)
056A:2804	JR Z, 0570
056C:1610	LD D, 10
056E:1802	JR 0572
0570:		label no_paging
0570:1600	LD D, 00
0572:		label cleanup
0572:3E10	LD A, 10
0574:ED79	OUT (C), A
0576:73		LD (HL), E
0577:7A		LD A, D
0578:C9		RET
		IF (false)
- 	.ERROR "CODE OVERLAPS"
		ENDIF
		ORG 16D4
16D4:		label L16D4
16D4:3D		DEC A
16D5:		label .idleGameStart
16D5:18FE	JR 16D5
16D7:00		NOP
16D8:00		NOP
16D9:00		NOP
16DA:00		NOP
		IF (false)
- 	.ERROR "CODE OVERLAPS"
		ENDIF
		ORG 3FF0
3FF0:		label debug_trap
Expanding MACRO SET_BORDER
colour= A 
LD A , colour 
3FF0:7F		LD A, A
AND 0007 
3FF1:E607	AND 07
OUT ( 00FE ) , A 
3FF3:D3FE	OUT (FE), A
ENDM 
		ENDM
End of MACRO SET_BORDER
3FF5:3C		INC A
3FF6:18F8	JR 3FF0
3FF8:		label last
3FF8:00000000	DEFS of 8 bytes with value 00
3FFC:00000000
Emiting raw binary from 0000 to 3FFF
